  Determining projects to restore...
  All projects are up-to-date for restore.
  dtc.Domain -> D:\Project_Sample\driving-training-centers-project-v1\repo-backend\dtcproject\dtc.Domain\bin\Debug\net8.0\dtc.Domain.dll
D:\Project_Sample\driving-training-centers-project-v1\repo-backend\dtcproject\dtc.Application\Features\Training\Services\AttendanceService.cs(285,44): error CS1061: 'ClassSchedule' does not contain a definition for 'SessionDate' and no accessible extension method 'SessionDate' accepting a first argument of type 'ClassSchedule' could be found (are you missing a using directive or an assembly reference?) [D:\Project_Sample\driving-training-centers-project-v1\repo-backend\dtcproject\dtc.Application\dtc.Application.csproj]
D:\Project_Sample\driving-training-centers-project-v1\repo-backend\dtcproject\dtc.Application\Features\Training\Services\AttendanceService.cs(286,44): error CS1061: 'ClassSchedule' does not contain a definition for 'SubjectName' and no accessible extension method 'SubjectName' accepting a first argument of type 'ClassSchedule' could be found (are you missing a using directive or an assembly reference?) [D:\Project_Sample\driving-training-centers-project-v1\repo-backend\dtcproject\dtc.Application\dtc.Application.csproj]

Build FAILED.

D:\Project_Sample\driving-training-centers-project-v1\repo-backend\dtcproject\dtc.Application\Features\Training\Services\AttendanceService.cs(285,44): error CS1061: 'ClassSchedule' does not contain a definition for 'SessionDate' and no accessible extension method 'SessionDate' accepting a first argument of type 'ClassSchedule' could be found (are you missing a using directive or an assembly reference?) [D:\Project_Sample\driving-training-centers-project-v1\repo-backend\dtcproject\dtc.Application\dtc.Application.csproj]
D:\Project_Sample\driving-training-centers-project-v1\repo-backend\dtcproject\dtc.Application\Features\Training\Services\AttendanceService.cs(286,44): error CS1061: 'ClassSchedule' does not contain a definition for 'SubjectName' and no accessible extension method 'SubjectName' accepting a first argument of type 'ClassSchedule' could be found (are you missing a using directive or an assembly reference?) [D:\Project_Sample\driving-training-centers-project-v1\repo-backend\dtcproject\dtc.Application\dtc.Application.csproj]
    0 Warning(s)
    2 Error(s)

Time Elapsed 00:00:03.77

Workload updates are available. Run `dotnet workload list` for more information.
