  Determining projects to restore...
  All projects are up-to-date for restore.
  dtc.Domain -> D:\Project_Sample\driving-training-centers-project-v1\repo-backend\dtcproject\dtc.Domain\bin\Debug\net8.0\dtc.Domain.dll
D:\Project_Sample\driving-training-centers-project-v1\repo-backend\dtcproject\dtc.Application\Features\Auth\Services\AuthService.cs(3,7): warning CS0105: The using directive for 'dtc.Application.Features.Auth.Interfaces' appeared previously in this namespace [D:\Project_Sample\driving-training-centers-project-v1\repo-backend\dtcproject\dtc.Application\dtc.Application.csproj]
D:\Project_Sample\driving-training-centers-project-v1\repo-backend\dtcproject\dtc.Application\Features\Auth\Services\AuthService.cs(4,7): warning CS0105: The using directive for 'dtc.Application.Features.Auth.DTOs' appeared previously in this namespace [D:\Project_Sample\driving-training-centers-project-v1\repo-backend\dtcproject\dtc.Application\dtc.Application.csproj]
D:\Project_Sample\driving-training-centers-project-v1\repo-backend\dtcproject\dtc.Application\Features\Collaborators\DTOs\CollaboratorDtos.cs(3,7): warning CS0105: The using directive for 'dtc.Application.Features.Users.Interfaces' appeared previously in this namespace [D:\Project_Sample\driving-training-centers-project-v1\repo-backend\dtcproject\dtc.Application\dtc.Application.csproj]
D:\Project_Sample\driving-training-centers-project-v1\repo-backend\dtcproject\dtc.Application\Features\Collaborators\DTOs\CollaboratorDtos.cs(4,7): warning CS0105: The using directive for 'dtc.Application.Features.Users.DTOs' appeared previously in this namespace [D:\Project_Sample\driving-training-centers-project-v1\repo-backend\dtcproject\dtc.Application\dtc.Application.csproj]
D:\Project_Sample\driving-training-centers-project-v1\repo-backend\dtcproject\dtc.Application\Features\Collaborators\Interfaces\ICollaboratorService.cs(3,7): warning CS0105: The using directive for 'dtc.Application.Features.Collaborators.Interfaces' appeared previously in this namespace [D:\Project_Sample\driving-training-centers-project-v1\repo-backend\dtcproject\dtc.Application\dtc.Application.csproj]
D:\Project_Sample\driving-training-centers-project-v1\repo-backend\dtcproject\dtc.Application\Features\Collaborators\Interfaces\ICollaboratorService.cs(4,7): warning CS0105: The using directive for 'dtc.Application.Features.Collaborators.DTOs' appeared previously in this namespace [D:\Project_Sample\driving-training-centers-project-v1\repo-backend\dtcproject\dtc.Application\dtc.Application.csproj]
D:\Project_Sample\driving-training-centers-project-v1\repo-backend\dtcproject\dtc.Application\Features\Collaborators\Interfaces\ICollaboratorService.cs(5,7): warning CS0105: The using directive for 'dtc.Application.Features.Collaborators.Interfaces' appeared previously in this namespace [D:\Project_Sample\driving-training-centers-project-v1\repo-backend\dtcproject\dtc.Application\dtc.Application.csproj]
D:\Project_Sample\driving-training-centers-project-v1\repo-backend\dtcproject\dtc.Application\Features\Collaborators\Interfaces\ICollaboratorService.cs(6,7): warning CS0105: The using directive for 'dtc.Application.Features.Collaborators.DTOs' appeared previously in this namespace [D:\Project_Sample\driving-training-centers-project-v1\repo-backend\dtcproject\dtc.Application\dtc.Application.csproj]
D:\Project_Sample\driving-training-centers-project-v1\repo-backend\dtcproject\dtc.Application\Features\Collaborators\Interfaces\ICollaboratorService.cs(9,7): warning CS0105: The using directive for 'dtc.Application.Features.Users.Interfaces' appeared previously in this namespace [D:\Project_Sample\driving-training-centers-project-v1\repo-backend\dtcproject\dtc.Application\dtc.Application.csproj]
D:\Project_Sample\driving-training-centers-project-v1\repo-backend\dtcproject\dtc.Application\Features\Collaborators\Interfaces\ICollaboratorService.cs(10,7): warning CS0105: The using directive for 'dtc.Application.Features.Users.DTOs' appeared previously in this namespace [D:\Project_Sample\driving-training-centers-project-v1\repo-backend\dtcproject\dtc.Application\dtc.Application.csproj]
D:\Project_Sample\driving-training-centers-project-v1\repo-backend\dtcproject\dtc.Application\Features\Collaborators\Services\CollaboratorService.cs(3,7): warning CS0105: The using directive for 'dtc.Application.Features.Collaborators.Interfaces' appeared previously in this namespace [D:\Project_Sample\driving-training-centers-project-v1\repo-backend\dtcproject\dtc.Application\dtc.Application.csproj]
D:\Project_Sample\driving-training-centers-project-v1\repo-backend\dtcproject\dtc.Application\Features\Collaborators\Services\CollaboratorService.cs(4,7): warning CS0105: The using directive for 'dtc.Application.Features.Collaborators.DTOs' appeared previously in this namespace [D:\Project_Sample\driving-training-centers-project-v1\repo-backend\dtcproject\dtc.Application\dtc.Application.csproj]
D:\Project_Sample\driving-training-centers-project-v1\repo-backend\dtcproject\dtc.Application\Features\Collaborators\Services\CollaboratorService.cs(7,7): warning CS0105: The using directive for 'dtc.Application.Features.Users.Interfaces' appeared previously in this namespace [D:\Project_Sample\driving-training-centers-project-v1\repo-backend\dtcproject\dtc.Application\dtc.Application.csproj]
D:\Project_Sample\driving-training-centers-project-v1\repo-backend\dtcproject\dtc.Application\Features\Collaborators\Services\CollaboratorService.cs(8,7): warning CS0105: The using directive for 'dtc.Application.Features.Users.DTOs' appeared previously in this namespace [D:\Project_Sample\driving-training-centers-project-v1\repo-backend\dtcproject\dtc.Application\dtc.Application.csproj]
D:\Project_Sample\driving-training-centers-project-v1\repo-backend\dtcproject\dtc.Application\Features\Collaborators\Services\CollaboratorService.cs(9,7): warning CS0105: The using directive for 'dtc.Application.Features.Users.Interfaces' appeared previously in this namespace [D:\Project_Sample\driving-training-centers-project-v1\repo-backend\dtcproject\dtc.Application\dtc.Application.csproj]
D:\Project_Sample\driving-training-centers-project-v1\repo-backend\dtcproject\dtc.Application\Features\Collaborators\Services\CollaboratorService.cs(10,7): warning CS0105: The using directive for 'dtc.Application.Features.Users.DTOs' appeared previously in this namespace [D:\Project_Sample\driving-training-centers-project-v1\repo-backend\dtcproject\dtc.Application\dtc.Application.csproj]
D:\Project_Sample\driving-training-centers-project-v1\repo-backend\dtcproject\dtc.Application\Features\Dashboards\Interfaces\IDashboardService.cs(3,7): warning CS0105: The using directive for 'dtc.Application.Features.Dashboards.Interfaces' appeared previously in this namespace [D:\Project_Sample\driving-training-centers-project-v1\repo-backend\dtcproject\dtc.Application\dtc.Application.csproj]
D:\Project_Sample\driving-training-centers-project-v1\repo-backend\dtcproject\dtc.Application\Features\Dashboards\Interfaces\IDashboardService.cs(4,7): warning CS0105: The using directive for 'dtc.Application.Features.Dashboards.DTOs' appeared previously in this namespace [D:\Project_Sample\driving-training-centers-project-v1\repo-backend\dtcproject\dtc.Application\dtc.Application.csproj]
D:\Project_Sample\driving-training-centers-project-v1\repo-backend\dtcproject\dtc.Application\Features\Dashboards\Interfaces\IDashboardService.cs(5,7): warning CS0105: The using directive for 'dtc.Application.Features.Dashboards.Interfaces' appeared previously in this namespace [D:\Project_Sample\driving-training-centers-project-v1\repo-backend\dtcproject\dtc.Application\dtc.Application.csproj]
D:\Project_Sample\driving-training-centers-project-v1\repo-backend\dtcproject\dtc.Application\Features\Dashboards\Interfaces\IDashboardService.cs(6,7): warning CS0105: The using directive for 'dtc.Application.Features.Dashboards.DTOs' appeared previously in this namespace [D:\Project_Sample\driving-training-centers-project-v1\repo-backend\dtcproject\dtc.Application\dtc.Application.csproj]
D:\Project_Sample\driving-training-centers-project-v1\repo-backend\dtcproject\dtc.Application\Features\Dashboards\Services\DashboardService.cs(3,7): warning CS0105: The using directive for 'dtc.Application.Features.Dashboards.Interfaces' appeared previously in this namespace [D:\Project_Sample\driving-training-centers-project-v1\repo-backend\dtcproject\dtc.Application\dtc.Application.csproj]
D:\Project_Sample\driving-training-centers-project-v1\repo-backend\dtcproject\dtc.Application\Features\Dashboards\Services\DashboardService.cs(4,7): warning CS0105: The using directive for 'dtc.Application.Features.Dashboards.DTOs' appeared previously in this namespace [D:\Project_Sample\driving-training-centers-project-v1\repo-backend\dtcproject\dtc.Application\dtc.Application.csproj]
D:\Project_Sample\driving-training-centers-project-v1\repo-backend\dtcproject\dtc.Application\Features\Dashboards\Services\DashboardService.cs(5,7): warning CS0105: The using directive for 'dtc.Application.Features.Dashboards.Interfaces' appeared previously in this namespace [D:\Project_Sample\driving-training-centers-project-v1\repo-backend\dtcproject\dtc.Application\dtc.Application.csproj]
D:\Project_Sample\driving-training-centers-project-v1\repo-backend\dtcproject\dtc.Application\Features\Dashboards\Services\DashboardService.cs(6,7): warning CS0105: The using directive for 'dtc.Application.Features.Dashboards.DTOs' appeared previously in this namespace [D:\Project_Sample\driving-training-centers-project-v1\repo-backend\dtcproject\dtc.Application\dtc.Application.csproj]
D:\Project_Sample\driving-training-centers-project-v1\repo-backend\dtcproject\dtc.Application\Features\Dashboards\Services\DashboardService.cs(7,7): warning CS0105: The using directive for 'dtc.Application.Features.Dashboards.Interfaces' appeared previously in this namespace [D:\Project_Sample\driving-training-centers-project-v1\repo-backend\dtcproject\dtc.Application\dtc.Application.csproj]
D:\Project_Sample\driving-training-centers-project-v1\repo-backend\dtcproject\dtc.Application\Features\Dashboards\Services\DashboardService.cs(8,7): warning CS0105: The using directive for 'dtc.Application.Features.Dashboards.DTOs' appeared previously in this namespace [D:\Project_Sample\driving-training-centers-project-v1\repo-backend\dtcproject\dtc.Application\dtc.Application.csproj]
D:\Project_Sample\driving-training-centers-project-v1\repo-backend\dtcproject\dtc.Application\Features\Dashboards\Services\DashboardService.cs(9,7): warning CS0105: The using directive for 'dtc.Application.Features.Dashboards.Interfaces' appeared previously in this namespace [D:\Project_Sample\driving-training-centers-project-v1\repo-backend\dtcproject\dtc.Application\dtc.Application.csproj]
D:\Project_Sample\driving-training-centers-project-v1\repo-backend\dtcproject\dtc.Application\Features\Dashboards\Services\DashboardService.cs(10,7): warning CS0105: The using directive for 'dtc.Application.Features.Dashboards.DTOs' appeared previously in this namespace [D:\Project_Sample\driving-training-centers-project-v1\repo-backend\dtcproject\dtc.Application\dtc.Application.csproj]
D:\Project_Sample\driving-training-centers-project-v1\repo-backend\dtcproject\dtc.Application\Features\Dashboards\Services\DashboardService.cs(11,7): warning CS0105: The using directive for 'dtc.Application.Features.Dashboards.Interfaces' appeared previously in this namespace [D:\Project_Sample\driving-training-centers-project-v1\repo-backend\dtcproject\dtc.Application\dtc.Application.csproj]
D:\Project_Sample\driving-training-centers-project-v1\repo-backend\dtcproject\dtc.Application\Features\Dashboards\Services\DashboardService.cs(12,7): warning CS0105: The using directive for 'dtc.Application.Features.Dashboards.DTOs' appeared previously in this namespace [D:\Project_Sample\driving-training-centers-project-v1\repo-backend\dtcproject\dtc.Application\dtc.Application.csproj]
D:\Project_Sample\driving-training-centers-project-v1\repo-backend\dtcproject\dtc.Application\Features\Exams\Services\ExamBatchService.cs(3,7): warning CS0105: The using directive for 'dtc.Application.Features.Exams.Interfaces' appeared previously in this namespace [D:\Project_Sample\driving-training-centers-project-v1\repo-backend\dtcproject\dtc.Application\dtc.Application.csproj]
D:\Project_Sample\driving-training-centers-project-v1\repo-backend\dtcproject\dtc.Application\Features\Exams\Services\ExamBatchService.cs(4,7): warning CS0105: The using directive for 'dtc.Application.Features.Exams.DTOs' appeared previously in this namespace [D:\Project_Sample\driving-training-centers-project-v1\repo-backend\dtcproject\dtc.Application\dtc.Application.csproj]
D:\Project_Sample\driving-training-centers-project-v1\repo-backend\dtcproject\dtc.Application\Features\Exams\Services\ExamRegistrationService.cs(3,7): warning CS0105: The using directive for 'dtc.Application.Features.Exams.Interfaces' appeared previously in this namespace [D:\Project_Sample\driving-training-centers-project-v1\repo-backend\dtcproject\dtc.Application\dtc.Application.csproj]
D:\Project_Sample\driving-training-centers-project-v1\repo-backend\dtcproject\dtc.Application\Features\Exams\Services\ExamRegistrationService.cs(4,7): warning CS0105: The using directive for 'dtc.Application.Features.Exams.DTOs' appeared previously in this namespace [D:\Project_Sample\driving-training-centers-project-v1\repo-backend\dtcproject\dtc.Application\dtc.Application.csproj]
D:\Project_Sample\driving-training-centers-project-v1\repo-backend\dtcproject\dtc.Application\Features\Exams\Services\ExamService.cs(3,7): warning CS0105: The using directive for 'dtc.Application.Features.Exams.Interfaces' appeared previously in this namespace [D:\Project_Sample\driving-training-centers-project-v1\repo-backend\dtcproject\dtc.Application\dtc.Application.csproj]
D:\Project_Sample\driving-training-centers-project-v1\repo-backend\dtcproject\dtc.Application\Features\Exams\Services\ExamService.cs(4,7): warning CS0105: The using directive for 'dtc.Application.Features.Exams.DTOs' appeared previously in this namespace [D:\Project_Sample\driving-training-centers-project-v1\repo-backend\dtcproject\dtc.Application\dtc.Application.csproj]
D:\Project_Sample\driving-training-centers-project-v1\repo-backend\dtcproject\dtc.Application\Features\Exams\Services\QuestionService.cs(3,7): warning CS0105: The using directive for 'dtc.Application.Features.Exams.Interfaces' appeared previously in this namespace [D:\Project_Sample\driving-training-centers-project-v1\repo-backend\dtcproject\dtc.Application\dtc.Application.csproj]
D:\Project_Sample\driving-training-centers-project-v1\repo-backend\dtcproject\dtc.Application\Features\Exams\Services\QuestionService.cs(4,7): warning CS0105: The using directive for 'dtc.Application.Features.Exams.DTOs' appeared previously in this namespace [D:\Project_Sample\driving-training-centers-project-v1\repo-backend\dtcproject\dtc.Application\dtc.Application.csproj]
D:\Project_Sample\driving-training-centers-project-v1\repo-backend\dtcproject\dtc.Application\Features\Exams\Services\SampleExamService.cs(3,7): warning CS0105: The using directive for 'dtc.Application.Features.Exams.Interfaces' appeared previously in this namespace [D:\Project_Sample\driving-training-centers-project-v1\repo-backend\dtcproject\dtc.Application\dtc.Application.csproj]
D:\Project_Sample\driving-training-centers-project-v1\repo-backend\dtcproject\dtc.Application\Features\Exams\Services\SampleExamService.cs(4,7): warning CS0105: The using directive for 'dtc.Application.Features.Exams.DTOs' appeared previously in this namespace [D:\Project_Sample\driving-training-centers-project-v1\repo-backend\dtcproject\dtc.Application\dtc.Application.csproj]
D:\Project_Sample\driving-training-centers-project-v1\repo-backend\dtcproject\dtc.Application\Features\Location\Interfaces\ICenterService.cs(3,7): warning CS0105: The using directive for 'dtc.Application.Features.Location.Interfaces' appeared previously in this namespace [D:\Project_Sample\driving-training-centers-project-v1\repo-backend\dtcproject\dtc.Application\dtc.Application.csproj]
D:\Project_Sample\driving-training-centers-project-v1\repo-backend\dtcproject\dtc.Application\Features\Location\Interfaces\ICenterService.cs(4,7): warning CS0105: The using directive for 'dtc.Application.Features.Location.DTOs' appeared previously in this namespace [D:\Project_Sample\driving-training-centers-project-v1\repo-backend\dtcproject\dtc.Application\dtc.Application.csproj]
D:\Project_Sample\driving-training-centers-project-v1\repo-backend\dtcproject\dtc.Application\Features\Location\Services\CenterService.cs(3,7): warning CS0105: The using directive for 'dtc.Application.Features.Location.Interfaces' appeared previously in this namespace [D:\Project_Sample\driving-training-centers-project-v1\repo-backend\dtcproject\dtc.Application\dtc.Application.csproj]
D:\Project_Sample\driving-training-centers-project-v1\repo-backend\dtcproject\dtc.Application\Features\Location\Services\CenterService.cs(4,7): warning CS0105: The using directive for 'dtc.Application.Features.Location.DTOs' appeared previously in this namespace [D:\Project_Sample\driving-training-centers-project-v1\repo-backend\dtcproject\dtc.Application\dtc.Application.csproj]
D:\Project_Sample\driving-training-centers-project-v1\repo-backend\dtcproject\dtc.Application\Features\Location\Services\CenterService.cs(5,7): warning CS0105: The using directive for 'dtc.Application.Features.Location.Interfaces' appeared previously in this namespace [D:\Project_Sample\driving-training-centers-project-v1\repo-backend\dtcproject\dtc.Application\dtc.Application.csproj]
D:\Project_Sample\driving-training-centers-project-v1\repo-backend\dtcproject\dtc.Application\Features\Location\Services\CenterService.cs(6,7): warning CS0105: The using directive for 'dtc.Application.Features.Location.DTOs' appeared previously in this namespace [D:\Project_Sample\driving-training-centers-project-v1\repo-backend\dtcproject\dtc.Application\dtc.Application.csproj]
D:\Project_Sample\driving-training-centers-project-v1\repo-backend\dtcproject\dtc.Application\Features\Location\Services\CenterService.cs(7,7): warning CS0105: The using directive for 'dtc.Application.Features.Location.Interfaces' appeared previously in this namespace [D:\Project_Sample\driving-training-centers-project-v1\repo-backend\dtcproject\dtc.Application\dtc.Application.csproj]
D:\Project_Sample\driving-training-centers-project-v1\repo-backend\dtcproject\dtc.Application\Features\Location\Services\CenterService.cs(8,7): warning CS0105: The using directive for 'dtc.Application.Features.Location.DTOs' appeared previously in this namespace [D:\Project_Sample\driving-training-centers-project-v1\repo-backend\dtcproject\dtc.Application\dtc.Application.csproj]
D:\Project_Sample\driving-training-centers-project-v1\repo-backend\dtcproject\dtc.Application\Features\Location\Services\CenterService.cs(9,7): warning CS0105: The using directive for 'dtc.Application.Features.Location.Interfaces' appeared previously in this namespace [D:\Project_Sample\driving-training-centers-project-v1\repo-backend\dtcproject\dtc.Application\dtc.Application.csproj]
D:\Project_Sample\driving-training-centers-project-v1\repo-backend\dtcproject\dtc.Application\Features\Location\Services\CenterService.cs(10,7): warning CS0105: The using directive for 'dtc.Application.Features.Location.DTOs' appeared previously in this namespace [D:\Project_Sample\driving-training-centers-project-v1\repo-backend\dtcproject\dtc.Application\dtc.Application.csproj]
D:\Project_Sample\driving-training-centers-project-v1\repo-backend\dtcproject\dtc.Application\Features\Notifications\Interfaces\INotificationService.cs(6,7): warning CS0105: The using directive for 'dtc.Application.Features.Notifications.Interfaces' appeared previously in this namespace [D:\Project_Sample\driving-training-centers-project-v1\repo-backend\dtcproject\dtc.Application\dtc.Application.csproj]
D:\Project_Sample\driving-training-centers-project-v1\repo-backend\dtcproject\dtc.Application\Features\Notifications\Interfaces\INotificationService.cs(7,7): warning CS0105: The using directive for 'dtc.Application.Features.Notifications.DTOs' appeared previously in this namespace [D:\Project_Sample\driving-training-centers-project-v1\repo-backend\dtcproject\dtc.Application\dtc.Application.csproj]
D:\Project_Sample\driving-training-centers-project-v1\repo-backend\dtcproject\dtc.Application\Features\Notifications\Interfaces\INotificationService.cs(8,7): warning CS0105: The using directive for 'dtc.Application.Features.Notifications.Interfaces' appeared previously in this namespace [D:\Project_Sample\driving-training-centers-project-v1\repo-backend\dtcproject\dtc.Application\dtc.Application.csproj]
D:\Project_Sample\driving-training-centers-project-v1\repo-backend\dtcproject\dtc.Application\Features\Notifications\Interfaces\INotificationService.cs(9,7): warning CS0105: The using directive for 'dtc.Application.Features.Notifications.DTOs' appeared previously in this namespace [D:\Project_Sample\driving-training-centers-project-v1\repo-backend\dtcproject\dtc.Application\dtc.Application.csproj]
D:\Project_Sample\driving-training-centers-project-v1\repo-backend\dtcproject\dtc.Application\Features\Notifications\Services\NotificationService.cs(3,7): warning CS0105: The using directive for 'dtc.Application.Features.Notifications.Interfaces' appeared previously in this namespace [D:\Project_Sample\driving-training-centers-project-v1\repo-backend\dtcproject\dtc.Application\dtc.Application.csproj]
D:\Project_Sample\driving-training-centers-project-v1\repo-backend\dtcproject\dtc.Application\Features\Notifications\Services\NotificationService.cs(4,7): warning CS0105: The using directive for 'dtc.Application.Features.Notifications.DTOs' appeared previously in this namespace [D:\Project_Sample\driving-training-centers-project-v1\repo-backend\dtcproject\dtc.Application\dtc.Application.csproj]
D:\Project_Sample\driving-training-centers-project-v1\repo-backend\dtcproject\dtc.Application\Features\Notifications\Services\NotificationService.cs(5,7): warning CS0105: The using directive for 'dtc.Application.Features.Notifications.Interfaces' appeared previously in this namespace [D:\Project_Sample\driving-training-centers-project-v1\repo-backend\dtcproject\dtc.Application\dtc.Application.csproj]
D:\Project_Sample\driving-training-centers-project-v1\repo-backend\dtcproject\dtc.Application\Features\Notifications\Services\NotificationService.cs(6,7): warning CS0105: The using directive for 'dtc.Application.Features.Notifications.DTOs' appeared previously in this namespace [D:\Project_Sample\driving-training-centers-project-v1\repo-backend\dtcproject\dtc.Application\dtc.Application.csproj]
D:\Project_Sample\driving-training-centers-project-v1\repo-backend\dtcproject\dtc.Application\Features\Notifications\Services\NotificationService.cs(7,7): warning CS0105: The using directive for 'dtc.Application.Features.Notifications.Interfaces' appeared previously in this namespace [D:\Project_Sample\driving-training-centers-project-v1\repo-backend\dtcproject\dtc.Application\dtc.Application.csproj]
D:\Project_Sample\driving-training-centers-project-v1\repo-backend\dtcproject\dtc.Application\Features\Notifications\Services\NotificationService.cs(8,7): warning CS0105: The using directive for 'dtc.Application.Features.Notifications.DTOs' appeared previously in this namespace [D:\Project_Sample\driving-training-centers-project-v1\repo-backend\dtcproject\dtc.Application\dtc.Application.csproj]
D:\Project_Sample\driving-training-centers-project-v1\repo-backend\dtcproject\dtc.Application\Features\Notifications\Services\NotificationService.cs(9,7): warning CS0105: The using directive for 'dtc.Application.Features.Notifications.Interfaces' appeared previously in this namespace [D:\Project_Sample\driving-training-centers-project-v1\repo-backend\dtcproject\dtc.Application\dtc.Application.csproj]
D:\Project_Sample\driving-training-centers-project-v1\repo-backend\dtcproject\dtc.Application\Features\Notifications\Services\NotificationService.cs(10,7): warning CS0105: The using directive for 'dtc.Application.Features.Notifications.DTOs' appeared previously in this namespace [D:\Project_Sample\driving-training-centers-project-v1\repo-backend\dtcproject\dtc.Application\dtc.Application.csproj]
D:\Project_Sample\driving-training-centers-project-v1\repo-backend\dtcproject\dtc.Application\Features\Notifications\Services\NotificationService.cs(11,7): warning CS0105: The using directive for 'dtc.Application.Features.Notifications.Interfaces' appeared previously in this namespace [D:\Project_Sample\driving-training-centers-project-v1\repo-backend\dtcproject\dtc.Application\dtc.Application.csproj]
D:\Project_Sample\driving-training-centers-project-v1\repo-backend\dtcproject\dtc.Application\Features\Notifications\Services\NotificationService.cs(12,7): warning CS0105: The using directive for 'dtc.Application.Features.Notifications.DTOs' appeared previously in this namespace [D:\Project_Sample\driving-training-centers-project-v1\repo-backend\dtcproject\dtc.Application\dtc.Application.csproj]
D:\Project_Sample\driving-training-centers-project-v1\repo-backend\dtcproject\dtc.Application\Features\Permissions\Interfaces\IDocumentService.cs(3,7): warning CS0105: The using directive for 'dtc.Application.Features.Permissions.Interfaces' appeared previously in this namespace [D:\Project_Sample\driving-training-centers-project-v1\repo-backend\dtcproject\dtc.Application\dtc.Application.csproj]
D:\Project_Sample\driving-training-centers-project-v1\repo-backend\dtcproject\dtc.Application\Features\Permissions\Interfaces\IDocumentService.cs(4,7): warning CS0105: The using directive for 'dtc.Application.Features.Permissions.DTOs' appeared previously in this namespace [D:\Project_Sample\driving-training-centers-project-v1\repo-backend\dtcproject\dtc.Application\dtc.Application.csproj]
D:\Project_Sample\driving-training-centers-project-v1\repo-backend\dtcproject\dtc.Application\Features\Permissions\Interfaces\IDocumentService.cs(5,7): warning CS0105: The using directive for 'dtc.Application.Features.Permissions.Interfaces' appeared previously in this namespace [D:\Project_Sample\driving-training-centers-project-v1\repo-backend\dtcproject\dtc.Application\dtc.Application.csproj]
D:\Project_Sample\driving-training-centers-project-v1\repo-backend\dtcproject\dtc.Application\Features\Permissions\Interfaces\IDocumentService.cs(6,7): warning CS0105: The using directive for 'dtc.Application.Features.Permissions.DTOs' appeared previously in this namespace [D:\Project_Sample\driving-training-centers-project-v1\repo-backend\dtcproject\dtc.Application\dtc.Application.csproj]
D:\Project_Sample\driving-training-centers-project-v1\repo-backend\dtcproject\dtc.Application\Features\Permissions\Services\DocumentService.cs(3,7): warning CS0105: The using directive for 'dtc.Application.Features.Permissions.Interfaces' appeared previously in this namespace [D:\Project_Sample\driving-training-centers-project-v1\repo-backend\dtcproject\dtc.Application\dtc.Application.csproj]
D:\Project_Sample\driving-training-centers-project-v1\repo-backend\dtcproject\dtc.Application\Features\Permissions\Services\DocumentService.cs(4,7): warning CS0105: The using directive for 'dtc.Application.Features.Permissions.DTOs' appeared previously in this namespace [D:\Project_Sample\driving-training-centers-project-v1\repo-backend\dtcproject\dtc.Application\dtc.Application.csproj]
D:\Project_Sample\driving-training-centers-project-v1\repo-backend\dtcproject\dtc.Application\Features\Permissions\Services\DocumentService.cs(5,7): warning CS0105: The using directive for 'dtc.Application.Features.Permissions.Interfaces' appeared previously in this namespace [D:\Project_Sample\driving-training-centers-project-v1\repo-backend\dtcproject\dtc.Application\dtc.Application.csproj]
D:\Project_Sample\driving-training-centers-project-v1\repo-backend\dtcproject\dtc.Application\Features\Permissions\Services\DocumentService.cs(6,7): warning CS0105: The using directive for 'dtc.Application.Features.Permissions.DTOs' appeared previously in this namespace [D:\Project_Sample\driving-training-centers-project-v1\repo-backend\dtcproject\dtc.Application\dtc.Application.csproj]
D:\Project_Sample\driving-training-centers-project-v1\repo-backend\dtcproject\dtc.Application\Features\Permissions\Services\DocumentService.cs(7,7): warning CS0105: The using directive for 'dtc.Application.Features.Permissions.Interfaces' appeared previously in this namespace [D:\Project_Sample\driving-training-centers-project-v1\repo-backend\dtcproject\dtc.Application\dtc.Application.csproj]
D:\Project_Sample\driving-training-centers-project-v1\repo-backend\dtcproject\dtc.Application\Features\Permissions\Services\DocumentService.cs(8,7): warning CS0105: The using directive for 'dtc.Application.Features.Permissions.DTOs' appeared previously in this namespace [D:\Project_Sample\driving-training-centers-project-v1\repo-backend\dtcproject\dtc.Application\dtc.Application.csproj]
D:\Project_Sample\driving-training-centers-project-v1\repo-backend\dtcproject\dtc.Application\Features\Permissions\Services\DocumentService.cs(9,7): warning CS0105: The using directive for 'dtc.Application.Features.Permissions.Interfaces' appeared previously in this namespace [D:\Project_Sample\driving-training-centers-project-v1\repo-backend\dtcproject\dtc.Application\dtc.Application.csproj]
D:\Project_Sample\driving-training-centers-project-v1\repo-backend\dtcproject\dtc.Application\Features\Permissions\Services\DocumentService.cs(10,7): warning CS0105: The using directive for 'dtc.Application.Features.Permissions.DTOs' appeared previously in this namespace [D:\Project_Sample\driving-training-centers-project-v1\repo-backend\dtcproject\dtc.Application\dtc.Application.csproj]
D:\Project_Sample\driving-training-centers-project-v1\repo-backend\dtcproject\dtc.Application\Features\Permissions\Services\DocumentService.cs(11,7): warning CS0105: The using directive for 'dtc.Application.Features.Permissions.Interfaces' appeared previously in this namespace [D:\Project_Sample\driving-training-centers-project-v1\repo-backend\dtcproject\dtc.Application\dtc.Application.csproj]
D:\Project_Sample\driving-training-centers-project-v1\repo-backend\dtcproject\dtc.Application\Features\Permissions\Services\DocumentService.cs(12,7): warning CS0105: The using directive for 'dtc.Application.Features.Permissions.DTOs' appeared previously in this namespace [D:\Project_Sample\driving-training-centers-project-v1\repo-backend\dtcproject\dtc.Application\dtc.Application.csproj]
D:\Project_Sample\driving-training-centers-project-v1\repo-backend\dtcproject\dtc.Application\Features\Training\Services\AttendanceService.cs(3,7): warning CS0105: The using directive for 'dtc.Application.Features.Training.Interfaces' appeared previously in this namespace [D:\Project_Sample\driving-training-centers-project-v1\repo-backend\dtcproject\dtc.Application\dtc.Application.csproj]
D:\Project_Sample\driving-training-centers-project-v1\repo-backend\dtcproject\dtc.Application\Features\Training\Services\AttendanceService.cs(4,7): warning CS0105: The using directive for 'dtc.Application.Features.Training.DTOs' appeared previously in this namespace [D:\Project_Sample\driving-training-centers-project-v1\repo-backend\dtcproject\dtc.Application\dtc.Application.csproj]
D:\Project_Sample\driving-training-centers-project-v1\repo-backend\dtcproject\dtc.Application\Features\Training\Services\ClassService.cs(3,7): warning CS0105: The using directive for 'dtc.Application.Features.Training.Interfaces' appeared previously in this namespace [D:\Project_Sample\driving-training-centers-project-v1\repo-backend\dtcproject\dtc.Application\dtc.Application.csproj]
D:\Project_Sample\driving-training-centers-project-v1\repo-backend\dtcproject\dtc.Application\Features\Training\Services\ClassService.cs(4,7): warning CS0105: The using directive for 'dtc.Application.Features.Training.DTOs' appeared previously in this namespace [D:\Project_Sample\driving-training-centers-project-v1\repo-backend\dtcproject\dtc.Application\dtc.Application.csproj]
D:\Project_Sample\driving-training-centers-project-v1\repo-backend\dtcproject\dtc.Application\Features\Training\Services\CourseRegistrationService.cs(3,7): warning CS0105: The using directive for 'dtc.Application.Features.Training.Interfaces' appeared previously in this namespace [D:\Project_Sample\driving-training-centers-project-v1\repo-backend\dtcproject\dtc.Application\dtc.Application.csproj]
D:\Project_Sample\driving-training-centers-project-v1\repo-backend\dtcproject\dtc.Application\Features\Training\Services\CourseRegistrationService.cs(4,7): warning CS0105: The using directive for 'dtc.Application.Features.Training.DTOs' appeared previously in this namespace [D:\Project_Sample\driving-training-centers-project-v1\repo-backend\dtcproject\dtc.Application\dtc.Application.csproj]
D:\Project_Sample\driving-training-centers-project-v1\repo-backend\dtcproject\dtc.Application\Features\Training\Services\CourseService.cs(3,7): warning CS0105: The using directive for 'dtc.Application.Features.Training.Interfaces' appeared previously in this namespace [D:\Project_Sample\driving-training-centers-project-v1\repo-backend\dtcproject\dtc.Application\dtc.Application.csproj]
D:\Project_Sample\driving-training-centers-project-v1\repo-backend\dtcproject\dtc.Application\Features\Training\Services\CourseService.cs(4,7): warning CS0105: The using directive for 'dtc.Application.Features.Training.DTOs' appeared previously in this namespace [D:\Project_Sample\driving-training-centers-project-v1\repo-backend\dtcproject\dtc.Application\dtc.Application.csproj]
D:\Project_Sample\driving-training-centers-project-v1\repo-backend\dtcproject\dtc.Application\Features\Training\Services\LearningRoadmapService.cs(3,7): warning CS0105: The using directive for 'dtc.Application.Features.Training.Interfaces' appeared previously in this namespace [D:\Project_Sample\driving-training-centers-project-v1\repo-backend\dtcproject\dtc.Application\dtc.Application.csproj]
D:\Project_Sample\driving-training-centers-project-v1\repo-backend\dtcproject\dtc.Application\Features\Training\Services\LearningRoadmapService.cs(4,7): warning CS0105: The using directive for 'dtc.Application.Features.Training.DTOs' appeared previously in this namespace [D:\Project_Sample\driving-training-centers-project-v1\repo-backend\dtcproject\dtc.Application\dtc.Application.csproj]
D:\Project_Sample\driving-training-centers-project-v1\repo-backend\dtcproject\dtc.Application\Features\Training\Services\ResourceLearningService.cs(3,7): warning CS0105: The using directive for 'dtc.Application.Features.Training.Interfaces' appeared previously in this namespace [D:\Project_Sample\driving-training-centers-project-v1\repo-backend\dtcproject\dtc.Application\dtc.Application.csproj]
D:\Project_Sample\driving-training-centers-project-v1\repo-backend\dtcproject\dtc.Application\Features\Training\Services\ResourceLearningService.cs(4,7): warning CS0105: The using directive for 'dtc.Application.Features.Training.DTOs' appeared previously in this namespace [D:\Project_Sample\driving-training-centers-project-v1\repo-backend\dtcproject\dtc.Application\dtc.Application.csproj]
D:\Project_Sample\driving-training-centers-project-v1\repo-backend\dtcproject\dtc.Application\Features\Training\Services\ScheduleService.cs(3,7): warning CS0105: The using directive for 'dtc.Application.Features.Training.Interfaces' appeared previously in this namespace [D:\Project_Sample\driving-training-centers-project-v1\repo-backend\dtcproject\dtc.Application\dtc.Application.csproj]
D:\Project_Sample\driving-training-centers-project-v1\repo-backend\dtcproject\dtc.Application\Features\Training\Services\ScheduleService.cs(4,7): warning CS0105: The using directive for 'dtc.Application.Features.Training.DTOs' appeared previously in this namespace [D:\Project_Sample\driving-training-centers-project-v1\repo-backend\dtcproject\dtc.Application\dtc.Application.csproj]
D:\Project_Sample\driving-training-centers-project-v1\repo-backend\dtcproject\dtc.Application\Features\Training\Services\StudentEvaluationService.cs(3,7): warning CS0105: The using directive for 'dtc.Application.Features.Training.Interfaces' appeared previously in this namespace [D:\Project_Sample\driving-training-centers-project-v1\repo-backend\dtcproject\dtc.Application\dtc.Application.csproj]
D:\Project_Sample\driving-training-centers-project-v1\repo-backend\dtcproject\dtc.Application\Features\Training\Services\StudentEvaluationService.cs(4,7): warning CS0105: The using directive for 'dtc.Application.Features.Training.DTOs' appeared previously in this namespace [D:\Project_Sample\driving-training-centers-project-v1\repo-backend\dtcproject\dtc.Application\dtc.Application.csproj]
D:\Project_Sample\driving-training-centers-project-v1\repo-backend\dtcproject\dtc.Application\Features\Training\Services\TermService.cs(3,7): warning CS0105: The using directive for 'dtc.Application.Features.Training.Interfaces' appeared previously in this namespace [D:\Project_Sample\driving-training-centers-project-v1\repo-backend\dtcproject\dtc.Application\dtc.Application.csproj]
D:\Project_Sample\driving-training-centers-project-v1\repo-backend\dtcproject\dtc.Application\Features\Training\Services\TermService.cs(4,7): warning CS0105: The using directive for 'dtc.Application.Features.Training.DTOs' appeared previously in this namespace [D:\Project_Sample\driving-training-centers-project-v1\repo-backend\dtcproject\dtc.Application\dtc.Application.csproj]
D:\Project_Sample\driving-training-centers-project-v1\repo-backend\dtcproject\dtc.Application\Features\Users\Services\UserService.cs(3,7): warning CS0105: The using directive for 'dtc.Application.Features.Users.Interfaces' appeared previously in this namespace [D:\Project_Sample\driving-training-centers-project-v1\repo-backend\dtcproject\dtc.Application\dtc.Application.csproj]
D:\Project_Sample\driving-training-centers-project-v1\repo-backend\dtcproject\dtc.Application\Features\Users\Services\UserService.cs(4,7): warning CS0105: The using directive for 'dtc.Application.Features.Users.DTOs' appeared previously in this namespace [D:\Project_Sample\driving-training-centers-project-v1\repo-backend\dtcproject\dtc.Application\dtc.Application.csproj]
D:\Project_Sample\driving-training-centers-project-v1\repo-backend\dtcproject\dtc.Application\Features\Collaborators\Services\CollaboratorService.cs(42,53): warning CS8613: Nullability of reference types in return type of 'Task<ReferralCodeResponseDto?> CollaboratorService.GetMyReferralCodeAsync(Guid collaboratorId)' doesn't match implicitly implemented member 'Task<ReferralCodeResponseDto> ICollaboratorService.GetMyReferralCodeAsync(Guid collaboratorId)'. [D:\Project_Sample\driving-training-centers-project-v1\repo-backend\dtcproject\dtc.Application\dtc.Application.csproj]
D:\Project_Sample\driving-training-centers-project-v1\repo-backend\dtcproject\dtc.Application\Features\Collaborators\Services\CollaboratorService.cs(62,53): warning CS8613: Nullability of reference types in return type of 'Task<ReferralCodeResponseDto?> CollaboratorService.GenerateReferralCodeAsync(Guid collaboratorId, string code)' doesn't match implicitly implemented member 'Task<ReferralCodeResponseDto> ICollaboratorService.GenerateReferralCodeAsync(Guid collaboratorId, string code)'. [D:\Project_Sample\driving-training-centers-project-v1\repo-backend\dtcproject\dtc.Application\dtc.Application.csproj]
D:\Project_Sample\driving-training-centers-project-v1\repo-backend\dtcproject\dtc.Application\Features\Exams\Services\SampleExamService.cs(65,51): error CS1061: 'int' does not contain a definition for 'QuestionId' and no accessible extension method 'QuestionId' accepting a first argument of type 'int' could be found (are you missing a using directive or an assembly reference?) [D:\Project_Sample\driving-training-centers-project-v1\repo-backend\dtcproject\dtc.Application\dtc.Application.csproj]
D:\Project_Sample\driving-training-centers-project-v1\repo-backend\dtcproject\dtc.Application\Features\Exams\Services\SampleExamService.cs(67,52): error CS1061: 'int' does not contain a definition for 'QuestionId' and no accessible extension method 'QuestionId' accepting a first argument of type 'int' could be found (are you missing a using directive or an assembly reference?) [D:\Project_Sample\driving-training-centers-project-v1\repo-backend\dtcproject\dtc.Application\dtc.Application.csproj]
D:\Project_Sample\driving-training-centers-project-v1\repo-backend\dtcproject\dtc.Application\Features\Exams\Services\SampleExamService.cs(74,46): error CS1061: 'int' does not contain a definition for 'QuestionId' and no accessible extension method 'QuestionId' accepting a first argument of type 'int' could be found (are you missing a using directive or an assembly reference?) [D:\Project_Sample\driving-training-centers-project-v1\repo-backend\dtcproject\dtc.Application\dtc.Application.csproj]
D:\Project_Sample\driving-training-centers-project-v1\repo-backend\dtcproject\dtc.Application\Features\Auth\Services\AuthService.cs(104,114): error CS1061: 'UserRole' does not contain a definition for 'RoleName' and no accessible extension method 'RoleName' accepting a first argument of type 'UserRole' could be found (are you missing a using directive or an assembly reference?) [D:\Project_Sample\driving-training-centers-project-v1\repo-backend\dtcproject\dtc.Application\dtc.Application.csproj]
D:\Project_Sample\driving-training-centers-project-v1\repo-backend\dtcproject\dtc.Application\Features\Auth\Services\AuthService.cs(104,69): error CS1503: Argument 1: cannot convert from 'string' to 'System.IO.BinaryReader' [D:\Project_Sample\driving-training-centers-project-v1\repo-backend\dtcproject\dtc.Application\dtc.Application.csproj]
D:\Project_Sample\driving-training-centers-project-v1\repo-backend\dtcproject\dtc.Application\Features\Exams\Services\SampleExamService.cs(123,72): error CS1061: 'int' does not contain a definition for 'QuestionOrder' and no accessible extension method 'QuestionOrder' accepting a first argument of type 'int' could be found (are you missing a using directive or an assembly reference?) [D:\Project_Sample\driving-training-centers-project-v1\repo-backend\dtcproject\dtc.Application\dtc.Application.csproj]
D:\Project_Sample\driving-training-centers-project-v1\repo-backend\dtcproject\dtc.Application\Features\Exams\Services\SampleExamService.cs(173,77): error CS1061: 'int' does not contain a definition for 'QuestionId' and no accessible extension method 'QuestionId' accepting a first argument of type 'int' could be found (are you missing a using directive or an assembly reference?) [D:\Project_Sample\driving-training-centers-project-v1\repo-backend\dtcproject\dtc.Application\dtc.Application.csproj]
D:\Project_Sample\driving-training-centers-project-v1\repo-backend\dtcproject\dtc.Application\Features\Training\Services\AttendanceService.cs(31,105): error CS1061: 'Class' does not contain a definition for 'Students' and no accessible extension method 'Students' accepting a first argument of type 'Class' could be found (are you missing a using directive or an assembly reference?) [D:\Project_Sample\driving-training-centers-project-v1\repo-backend\dtcproject\dtc.Application\dtc.Application.csproj]
D:\Project_Sample\driving-training-centers-project-v1\repo-backend\dtcproject\dtc.Application\Features\Exams\Services\ExamBatchService.cs(102,50): warning CS1998: This async method lacks 'await' operators and will run synchronously. Consider using the 'await' operator to await non-blocking API calls, or 'await Task.Run(...)' to do CPU-bound work on a background thread. [D:\Project_Sample\driving-training-centers-project-v1\repo-backend\dtcproject\dtc.Application\dtc.Application.csproj]
D:\Project_Sample\driving-training-centers-project-v1\repo-backend\dtcproject\dtc.Application\Features\Dashboards\Services\DashboardService.cs(70,83): error CS1061: 'UserRole' does not contain a definition for 'RoleName' and no accessible extension method 'RoleName' accepting a first argument of type 'UserRole' could be found (are you missing a using directive or an assembly reference?) [D:\Project_Sample\driving-training-centers-project-v1\repo-backend\dtcproject\dtc.Application\dtc.Application.csproj]
D:\Project_Sample\driving-training-centers-project-v1\repo-backend\dtcproject\dtc.Application\Features\Training\Services\AttendanceService.cs(108,100): error CS1061: 'Class' does not contain a definition for 'Students' and no accessible extension method 'Students' accepting a first argument of type 'Class' could be found (are you missing a using directive or an assembly reference?) [D:\Project_Sample\driving-training-centers-project-v1\repo-backend\dtcproject\dtc.Application\dtc.Application.csproj]

Build FAILED.

D:\Project_Sample\driving-training-centers-project-v1\repo-backend\dtcproject\dtc.Application\Features\Auth\Services\AuthService.cs(3,7): warning CS0105: The using directive for 'dtc.Application.Features.Auth.Interfaces' appeared previously in this namespace [D:\Project_Sample\driving-training-centers-project-v1\repo-backend\dtcproject\dtc.Application\dtc.Application.csproj]
D:\Project_Sample\driving-training-centers-project-v1\repo-backend\dtcproject\dtc.Application\Features\Auth\Services\AuthService.cs(4,7): warning CS0105: The using directive for 'dtc.Application.Features.Auth.DTOs' appeared previously in this namespace [D:\Project_Sample\driving-training-centers-project-v1\repo-backend\dtcproject\dtc.Application\dtc.Application.csproj]
D:\Project_Sample\driving-training-centers-project-v1\repo-backend\dtcproject\dtc.Application\Features\Collaborators\DTOs\CollaboratorDtos.cs(3,7): warning CS0105: The using directive for 'dtc.Application.Features.Users.Interfaces' appeared previously in this namespace [D:\Project_Sample\driving-training-centers-project-v1\repo-backend\dtcproject\dtc.Application\dtc.Application.csproj]
D:\Project_Sample\driving-training-centers-project-v1\repo-backend\dtcproject\dtc.Application\Features\Collaborators\DTOs\CollaboratorDtos.cs(4,7): warning CS0105: The using directive for 'dtc.Application.Features.Users.DTOs' appeared previously in this namespace [D:\Project_Sample\driving-training-centers-project-v1\repo-backend\dtcproject\dtc.Application\dtc.Application.csproj]
D:\Project_Sample\driving-training-centers-project-v1\repo-backend\dtcproject\dtc.Application\Features\Collaborators\Interfaces\ICollaboratorService.cs(3,7): warning CS0105: The using directive for 'dtc.Application.Features.Collaborators.Interfaces' appeared previously in this namespace [D:\Project_Sample\driving-training-centers-project-v1\repo-backend\dtcproject\dtc.Application\dtc.Application.csproj]
D:\Project_Sample\driving-training-centers-project-v1\repo-backend\dtcproject\dtc.Application\Features\Collaborators\Interfaces\ICollaboratorService.cs(4,7): warning CS0105: The using directive for 'dtc.Application.Features.Collaborators.DTOs' appeared previously in this namespace [D:\Project_Sample\driving-training-centers-project-v1\repo-backend\dtcproject\dtc.Application\dtc.Application.csproj]
D:\Project_Sample\driving-training-centers-project-v1\repo-backend\dtcproject\dtc.Application\Features\Collaborators\Interfaces\ICollaboratorService.cs(5,7): warning CS0105: The using directive for 'dtc.Application.Features.Collaborators.Interfaces' appeared previously in this namespace [D:\Project_Sample\driving-training-centers-project-v1\repo-backend\dtcproject\dtc.Application\dtc.Application.csproj]
D:\Project_Sample\driving-training-centers-project-v1\repo-backend\dtcproject\dtc.Application\Features\Collaborators\Interfaces\ICollaboratorService.cs(6,7): warning CS0105: The using directive for 'dtc.Application.Features.Collaborators.DTOs' appeared previously in this namespace [D:\Project_Sample\driving-training-centers-project-v1\repo-backend\dtcproject\dtc.Application\dtc.Application.csproj]
D:\Project_Sample\driving-training-centers-project-v1\repo-backend\dtcproject\dtc.Application\Features\Collaborators\Interfaces\ICollaboratorService.cs(9,7): warning CS0105: The using directive for 'dtc.Application.Features.Users.Interfaces' appeared previously in this namespace [D:\Project_Sample\driving-training-centers-project-v1\repo-backend\dtcproject\dtc.Application\dtc.Application.csproj]
D:\Project_Sample\driving-training-centers-project-v1\repo-backend\dtcproject\dtc.Application\Features\Collaborators\Interfaces\ICollaboratorService.cs(10,7): warning CS0105: The using directive for 'dtc.Application.Features.Users.DTOs' appeared previously in this namespace [D:\Project_Sample\driving-training-centers-project-v1\repo-backend\dtcproject\dtc.Application\dtc.Application.csproj]
D:\Project_Sample\driving-training-centers-project-v1\repo-backend\dtcproject\dtc.Application\Features\Collaborators\Services\CollaboratorService.cs(3,7): warning CS0105: The using directive for 'dtc.Application.Features.Collaborators.Interfaces' appeared previously in this namespace [D:\Project_Sample\driving-training-centers-project-v1\repo-backend\dtcproject\dtc.Application\dtc.Application.csproj]
D:\Project_Sample\driving-training-centers-project-v1\repo-backend\dtcproject\dtc.Application\Features\Collaborators\Services\CollaboratorService.cs(4,7): warning CS0105: The using directive for 'dtc.Application.Features.Collaborators.DTOs' appeared previously in this namespace [D:\Project_Sample\driving-training-centers-project-v1\repo-backend\dtcproject\dtc.Application\dtc.Application.csproj]
D:\Project_Sample\driving-training-centers-project-v1\repo-backend\dtcproject\dtc.Application\Features\Collaborators\Services\CollaboratorService.cs(7,7): warning CS0105: The using directive for 'dtc.Application.Features.Users.Interfaces' appeared previously in this namespace [D:\Project_Sample\driving-training-centers-project-v1\repo-backend\dtcproject\dtc.Application\dtc.Application.csproj]
D:\Project_Sample\driving-training-centers-project-v1\repo-backend\dtcproject\dtc.Application\Features\Collaborators\Services\CollaboratorService.cs(8,7): warning CS0105: The using directive for 'dtc.Application.Features.Users.DTOs' appeared previously in this namespace [D:\Project_Sample\driving-training-centers-project-v1\repo-backend\dtcproject\dtc.Application\dtc.Application.csproj]
D:\Project_Sample\driving-training-centers-project-v1\repo-backend\dtcproject\dtc.Application\Features\Collaborators\Services\CollaboratorService.cs(9,7): warning CS0105: The using directive for 'dtc.Application.Features.Users.Interfaces' appeared previously in this namespace [D:\Project_Sample\driving-training-centers-project-v1\repo-backend\dtcproject\dtc.Application\dtc.Application.csproj]
D:\Project_Sample\driving-training-centers-project-v1\repo-backend\dtcproject\dtc.Application\Features\Collaborators\Services\CollaboratorService.cs(10,7): warning CS0105: The using directive for 'dtc.Application.Features.Users.DTOs' appeared previously in this namespace [D:\Project_Sample\driving-training-centers-project-v1\repo-backend\dtcproject\dtc.Application\dtc.Application.csproj]
D:\Project_Sample\driving-training-centers-project-v1\repo-backend\dtcproject\dtc.Application\Features\Dashboards\Interfaces\IDashboardService.cs(3,7): warning CS0105: The using directive for 'dtc.Application.Features.Dashboards.Interfaces' appeared previously in this namespace [D:\Project_Sample\driving-training-centers-project-v1\repo-backend\dtcproject\dtc.Application\dtc.Application.csproj]
D:\Project_Sample\driving-training-centers-project-v1\repo-backend\dtcproject\dtc.Application\Features\Dashboards\Interfaces\IDashboardService.cs(4,7): warning CS0105: The using directive for 'dtc.Application.Features.Dashboards.DTOs' appeared previously in this namespace [D:\Project_Sample\driving-training-centers-project-v1\repo-backend\dtcproject\dtc.Application\dtc.Application.csproj]
D:\Project_Sample\driving-training-centers-project-v1\repo-backend\dtcproject\dtc.Application\Features\Dashboards\Interfaces\IDashboardService.cs(5,7): warning CS0105: The using directive for 'dtc.Application.Features.Dashboards.Interfaces' appeared previously in this namespace [D:\Project_Sample\driving-training-centers-project-v1\repo-backend\dtcproject\dtc.Application\dtc.Application.csproj]
D:\Project_Sample\driving-training-centers-project-v1\repo-backend\dtcproject\dtc.Application\Features\Dashboards\Interfaces\IDashboardService.cs(6,7): warning CS0105: The using directive for 'dtc.Application.Features.Dashboards.DTOs' appeared previously in this namespace [D:\Project_Sample\driving-training-centers-project-v1\repo-backend\dtcproject\dtc.Application\dtc.Application.csproj]
D:\Project_Sample\driving-training-centers-project-v1\repo-backend\dtcproject\dtc.Application\Features\Dashboards\Services\DashboardService.cs(3,7): warning CS0105: The using directive for 'dtc.Application.Features.Dashboards.Interfaces' appeared previously in this namespace [D:\Project_Sample\driving-training-centers-project-v1\repo-backend\dtcproject\dtc.Application\dtc.Application.csproj]
D:\Project_Sample\driving-training-centers-project-v1\repo-backend\dtcproject\dtc.Application\Features\Dashboards\Services\DashboardService.cs(4,7): warning CS0105: The using directive for 'dtc.Application.Features.Dashboards.DTOs' appeared previously in this namespace [D:\Project_Sample\driving-training-centers-project-v1\repo-backend\dtcproject\dtc.Application\dtc.Application.csproj]
D:\Project_Sample\driving-training-centers-project-v1\repo-backend\dtcproject\dtc.Application\Features\Dashboards\Services\DashboardService.cs(5,7): warning CS0105: The using directive for 'dtc.Application.Features.Dashboards.Interfaces' appeared previously in this namespace [D:\Project_Sample\driving-training-centers-project-v1\repo-backend\dtcproject\dtc.Application\dtc.Application.csproj]
D:\Project_Sample\driving-training-centers-project-v1\repo-backend\dtcproject\dtc.Application\Features\Dashboards\Services\DashboardService.cs(6,7): warning CS0105: The using directive for 'dtc.Application.Features.Dashboards.DTOs' appeared previously in this namespace [D:\Project_Sample\driving-training-centers-project-v1\repo-backend\dtcproject\dtc.Application\dtc.Application.csproj]
D:\Project_Sample\driving-training-centers-project-v1\repo-backend\dtcproject\dtc.Application\Features\Dashboards\Services\DashboardService.cs(7,7): warning CS0105: The using directive for 'dtc.Application.Features.Dashboards.Interfaces' appeared previously in this namespace [D:\Project_Sample\driving-training-centers-project-v1\repo-backend\dtcproject\dtc.Application\dtc.Application.csproj]
D:\Project_Sample\driving-training-centers-project-v1\repo-backend\dtcproject\dtc.Application\Features\Dashboards\Services\DashboardService.cs(8,7): warning CS0105: The using directive for 'dtc.Application.Features.Dashboards.DTOs' appeared previously in this namespace [D:\Project_Sample\driving-training-centers-project-v1\repo-backend\dtcproject\dtc.Application\dtc.Application.csproj]
D:\Project_Sample\driving-training-centers-project-v1\repo-backend\dtcproject\dtc.Application\Features\Dashboards\Services\DashboardService.cs(9,7): warning CS0105: The using directive for 'dtc.Application.Features.Dashboards.Interfaces' appeared previously in this namespace [D:\Project_Sample\driving-training-centers-project-v1\repo-backend\dtcproject\dtc.Application\dtc.Application.csproj]
D:\Project_Sample\driving-training-centers-project-v1\repo-backend\dtcproject\dtc.Application\Features\Dashboards\Services\DashboardService.cs(10,7): warning CS0105: The using directive for 'dtc.Application.Features.Dashboards.DTOs' appeared previously in this namespace [D:\Project_Sample\driving-training-centers-project-v1\repo-backend\dtcproject\dtc.Application\dtc.Application.csproj]
D:\Project_Sample\driving-training-centers-project-v1\repo-backend\dtcproject\dtc.Application\Features\Dashboards\Services\DashboardService.cs(11,7): warning CS0105: The using directive for 'dtc.Application.Features.Dashboards.Interfaces' appeared previously in this namespace [D:\Project_Sample\driving-training-centers-project-v1\repo-backend\dtcproject\dtc.Application\dtc.Application.csproj]
D:\Project_Sample\driving-training-centers-project-v1\repo-backend\dtcproject\dtc.Application\Features\Dashboards\Services\DashboardService.cs(12,7): warning CS0105: The using directive for 'dtc.Application.Features.Dashboards.DTOs' appeared previously in this namespace [D:\Project_Sample\driving-training-centers-project-v1\repo-backend\dtcproject\dtc.Application\dtc.Application.csproj]
D:\Project_Sample\driving-training-centers-project-v1\repo-backend\dtcproject\dtc.Application\Features\Exams\Services\ExamBatchService.cs(3,7): warning CS0105: The using directive for 'dtc.Application.Features.Exams.Interfaces' appeared previously in this namespace [D:\Project_Sample\driving-training-centers-project-v1\repo-backend\dtcproject\dtc.Application\dtc.Application.csproj]
D:\Project_Sample\driving-training-centers-project-v1\repo-backend\dtcproject\dtc.Application\Features\Exams\Services\ExamBatchService.cs(4,7): warning CS0105: The using directive for 'dtc.Application.Features.Exams.DTOs' appeared previously in this namespace [D:\Project_Sample\driving-training-centers-project-v1\repo-backend\dtcproject\dtc.Application\dtc.Application.csproj]
D:\Project_Sample\driving-training-centers-project-v1\repo-backend\dtcproject\dtc.Application\Features\Exams\Services\ExamRegistrationService.cs(3,7): warning CS0105: The using directive for 'dtc.Application.Features.Exams.Interfaces' appeared previously in this namespace [D:\Project_Sample\driving-training-centers-project-v1\repo-backend\dtcproject\dtc.Application\dtc.Application.csproj]
D:\Project_Sample\driving-training-centers-project-v1\repo-backend\dtcproject\dtc.Application\Features\Exams\Services\ExamRegistrationService.cs(4,7): warning CS0105: The using directive for 'dtc.Application.Features.Exams.DTOs' appeared previously in this namespace [D:\Project_Sample\driving-training-centers-project-v1\repo-backend\dtcproject\dtc.Application\dtc.Application.csproj]
D:\Project_Sample\driving-training-centers-project-v1\repo-backend\dtcproject\dtc.Application\Features\Exams\Services\ExamService.cs(3,7): warning CS0105: The using directive for 'dtc.Application.Features.Exams.Interfaces' appeared previously in this namespace [D:\Project_Sample\driving-training-centers-project-v1\repo-backend\dtcproject\dtc.Application\dtc.Application.csproj]
D:\Project_Sample\driving-training-centers-project-v1\repo-backend\dtcproject\dtc.Application\Features\Exams\Services\ExamService.cs(4,7): warning CS0105: The using directive for 'dtc.Application.Features.Exams.DTOs' appeared previously in this namespace [D:\Project_Sample\driving-training-centers-project-v1\repo-backend\dtcproject\dtc.Application\dtc.Application.csproj]
D:\Project_Sample\driving-training-centers-project-v1\repo-backend\dtcproject\dtc.Application\Features\Exams\Services\QuestionService.cs(3,7): warning CS0105: The using directive for 'dtc.Application.Features.Exams.Interfaces' appeared previously in this namespace [D:\Project_Sample\driving-training-centers-project-v1\repo-backend\dtcproject\dtc.Application\dtc.Application.csproj]
D:\Project_Sample\driving-training-centers-project-v1\repo-backend\dtcproject\dtc.Application\Features\Exams\Services\QuestionService.cs(4,7): warning CS0105: The using directive for 'dtc.Application.Features.Exams.DTOs' appeared previously in this namespace [D:\Project_Sample\driving-training-centers-project-v1\repo-backend\dtcproject\dtc.Application\dtc.Application.csproj]
D:\Project_Sample\driving-training-centers-project-v1\repo-backend\dtcproject\dtc.Application\Features\Exams\Services\SampleExamService.cs(3,7): warning CS0105: The using directive for 'dtc.Application.Features.Exams.Interfaces' appeared previously in this namespace [D:\Project_Sample\driving-training-centers-project-v1\repo-backend\dtcproject\dtc.Application\dtc.Application.csproj]
D:\Project_Sample\driving-training-centers-project-v1\repo-backend\dtcproject\dtc.Application\Features\Exams\Services\SampleExamService.cs(4,7): warning CS0105: The using directive for 'dtc.Application.Features.Exams.DTOs' appeared previously in this namespace [D:\Project_Sample\driving-training-centers-project-v1\repo-backend\dtcproject\dtc.Application\dtc.Application.csproj]
D:\Project_Sample\driving-training-centers-project-v1\repo-backend\dtcproject\dtc.Application\Features\Location\Interfaces\ICenterService.cs(3,7): warning CS0105: The using directive for 'dtc.Application.Features.Location.Interfaces' appeared previously in this namespace [D:\Project_Sample\driving-training-centers-project-v1\repo-backend\dtcproject\dtc.Application\dtc.Application.csproj]
D:\Project_Sample\driving-training-centers-project-v1\repo-backend\dtcproject\dtc.Application\Features\Location\Interfaces\ICenterService.cs(4,7): warning CS0105: The using directive for 'dtc.Application.Features.Location.DTOs' appeared previously in this namespace [D:\Project_Sample\driving-training-centers-project-v1\repo-backend\dtcproject\dtc.Application\dtc.Application.csproj]
D:\Project_Sample\driving-training-centers-project-v1\repo-backend\dtcproject\dtc.Application\Features\Location\Services\CenterService.cs(3,7): warning CS0105: The using directive for 'dtc.Application.Features.Location.Interfaces' appeared previously in this namespace [D:\Project_Sample\driving-training-centers-project-v1\repo-backend\dtcproject\dtc.Application\dtc.Application.csproj]
D:\Project_Sample\driving-training-centers-project-v1\repo-backend\dtcproject\dtc.Application\Features\Location\Services\CenterService.cs(4,7): warning CS0105: The using directive for 'dtc.Application.Features.Location.DTOs' appeared previously in this namespace [D:\Project_Sample\driving-training-centers-project-v1\repo-backend\dtcproject\dtc.Application\dtc.Application.csproj]
D:\Project_Sample\driving-training-centers-project-v1\repo-backend\dtcproject\dtc.Application\Features\Location\Services\CenterService.cs(5,7): warning CS0105: The using directive for 'dtc.Application.Features.Location.Interfaces' appeared previously in this namespace [D:\Project_Sample\driving-training-centers-project-v1\repo-backend\dtcproject\dtc.Application\dtc.Application.csproj]
D:\Project_Sample\driving-training-centers-project-v1\repo-backend\dtcproject\dtc.Application\Features\Location\Services\CenterService.cs(6,7): warning CS0105: The using directive for 'dtc.Application.Features.Location.DTOs' appeared previously in this namespace [D:\Project_Sample\driving-training-centers-project-v1\repo-backend\dtcproject\dtc.Application\dtc.Application.csproj]
D:\Project_Sample\driving-training-centers-project-v1\repo-backend\dtcproject\dtc.Application\Features\Location\Services\CenterService.cs(7,7): warning CS0105: The using directive for 'dtc.Application.Features.Location.Interfaces' appeared previously in this namespace [D:\Project_Sample\driving-training-centers-project-v1\repo-backend\dtcproject\dtc.Application\dtc.Application.csproj]
D:\Project_Sample\driving-training-centers-project-v1\repo-backend\dtcproject\dtc.Application\Features\Location\Services\CenterService.cs(8,7): warning CS0105: The using directive for 'dtc.Application.Features.Location.DTOs' appeared previously in this namespace [D:\Project_Sample\driving-training-centers-project-v1\repo-backend\dtcproject\dtc.Application\dtc.Application.csproj]
D:\Project_Sample\driving-training-centers-project-v1\repo-backend\dtcproject\dtc.Application\Features\Location\Services\CenterService.cs(9,7): warning CS0105: The using directive for 'dtc.Application.Features.Location.Interfaces' appeared previously in this namespace [D:\Project_Sample\driving-training-centers-project-v1\repo-backend\dtcproject\dtc.Application\dtc.Application.csproj]
D:\Project_Sample\driving-training-centers-project-v1\repo-backend\dtcproject\dtc.Application\Features\Location\Services\CenterService.cs(10,7): warning CS0105: The using directive for 'dtc.Application.Features.Location.DTOs' appeared previously in this namespace [D:\Project_Sample\driving-training-centers-project-v1\repo-backend\dtcproject\dtc.Application\dtc.Application.csproj]
D:\Project_Sample\driving-training-centers-project-v1\repo-backend\dtcproject\dtc.Application\Features\Notifications\Interfaces\INotificationService.cs(6,7): warning CS0105: The using directive for 'dtc.Application.Features.Notifications.Interfaces' appeared previously in this namespace [D:\Project_Sample\driving-training-centers-project-v1\repo-backend\dtcproject\dtc.Application\dtc.Application.csproj]
D:\Project_Sample\driving-training-centers-project-v1\repo-backend\dtcproject\dtc.Application\Features\Notifications\Interfaces\INotificationService.cs(7,7): warning CS0105: The using directive for 'dtc.Application.Features.Notifications.DTOs' appeared previously in this namespace [D:\Project_Sample\driving-training-centers-project-v1\repo-backend\dtcproject\dtc.Application\dtc.Application.csproj]
D:\Project_Sample\driving-training-centers-project-v1\repo-backend\dtcproject\dtc.Application\Features\Notifications\Interfaces\INotificationService.cs(8,7): warning CS0105: The using directive for 'dtc.Application.Features.Notifications.Interfaces' appeared previously in this namespace [D:\Project_Sample\driving-training-centers-project-v1\repo-backend\dtcproject\dtc.Application\dtc.Application.csproj]
D:\Project_Sample\driving-training-centers-project-v1\repo-backend\dtcproject\dtc.Application\Features\Notifications\Interfaces\INotificationService.cs(9,7): warning CS0105: The using directive for 'dtc.Application.Features.Notifications.DTOs' appeared previously in this namespace [D:\Project_Sample\driving-training-centers-project-v1\repo-backend\dtcproject\dtc.Application\dtc.Application.csproj]
D:\Project_Sample\driving-training-centers-project-v1\repo-backend\dtcproject\dtc.Application\Features\Notifications\Services\NotificationService.cs(3,7): warning CS0105: The using directive for 'dtc.Application.Features.Notifications.Interfaces' appeared previously in this namespace [D:\Project_Sample\driving-training-centers-project-v1\repo-backend\dtcproject\dtc.Application\dtc.Application.csproj]
D:\Project_Sample\driving-training-centers-project-v1\repo-backend\dtcproject\dtc.Application\Features\Notifications\Services\NotificationService.cs(4,7): warning CS0105: The using directive for 'dtc.Application.Features.Notifications.DTOs' appeared previously in this namespace [D:\Project_Sample\driving-training-centers-project-v1\repo-backend\dtcproject\dtc.Application\dtc.Application.csproj]
D:\Project_Sample\driving-training-centers-project-v1\repo-backend\dtcproject\dtc.Application\Features\Notifications\Services\NotificationService.cs(5,7): warning CS0105: The using directive for 'dtc.Application.Features.Notifications.Interfaces' appeared previously in this namespace [D:\Project_Sample\driving-training-centers-project-v1\repo-backend\dtcproject\dtc.Application\dtc.Application.csproj]
D:\Project_Sample\driving-training-centers-project-v1\repo-backend\dtcproject\dtc.Application\Features\Notifications\Services\NotificationService.cs(6,7): warning CS0105: The using directive for 'dtc.Application.Features.Notifications.DTOs' appeared previously in this namespace [D:\Project_Sample\driving-training-centers-project-v1\repo-backend\dtcproject\dtc.Application\dtc.Application.csproj]
D:\Project_Sample\driving-training-centers-project-v1\repo-backend\dtcproject\dtc.Application\Features\Notifications\Services\NotificationService.cs(7,7): warning CS0105: The using directive for 'dtc.Application.Features.Notifications.Interfaces' appeared previously in this namespace [D:\Project_Sample\driving-training-centers-project-v1\repo-backend\dtcproject\dtc.Application\dtc.Application.csproj]
D:\Project_Sample\driving-training-centers-project-v1\repo-backend\dtcproject\dtc.Application\Features\Notifications\Services\NotificationService.cs(8,7): warning CS0105: The using directive for 'dtc.Application.Features.Notifications.DTOs' appeared previously in this namespace [D:\Project_Sample\driving-training-centers-project-v1\repo-backend\dtcproject\dtc.Application\dtc.Application.csproj]
D:\Project_Sample\driving-training-centers-project-v1\repo-backend\dtcproject\dtc.Application\Features\Notifications\Services\NotificationService.cs(9,7): warning CS0105: The using directive for 'dtc.Application.Features.Notifications.Interfaces' appeared previously in this namespace [D:\Project_Sample\driving-training-centers-project-v1\repo-backend\dtcproject\dtc.Application\dtc.Application.csproj]
D:\Project_Sample\driving-training-centers-project-v1\repo-backend\dtcproject\dtc.Application\Features\Notifications\Services\NotificationService.cs(10,7): warning CS0105: The using directive for 'dtc.Application.Features.Notifications.DTOs' appeared previously in this namespace [D:\Project_Sample\driving-training-centers-project-v1\repo-backend\dtcproject\dtc.Application\dtc.Application.csproj]
D:\Project_Sample\driving-training-centers-project-v1\repo-backend\dtcproject\dtc.Application\Features\Notifications\Services\NotificationService.cs(11,7): warning CS0105: The using directive for 'dtc.Application.Features.Notifications.Interfaces' appeared previously in this namespace [D:\Project_Sample\driving-training-centers-project-v1\repo-backend\dtcproject\dtc.Application\dtc.Application.csproj]
D:\Project_Sample\driving-training-centers-project-v1\repo-backend\dtcproject\dtc.Application\Features\Notifications\Services\NotificationService.cs(12,7): warning CS0105: The using directive for 'dtc.Application.Features.Notifications.DTOs' appeared previously in this namespace [D:\Project_Sample\driving-training-centers-project-v1\repo-backend\dtcproject\dtc.Application\dtc.Application.csproj]
D:\Project_Sample\driving-training-centers-project-v1\repo-backend\dtcproject\dtc.Application\Features\Permissions\Interfaces\IDocumentService.cs(3,7): warning CS0105: The using directive for 'dtc.Application.Features.Permissions.Interfaces' appeared previously in this namespace [D:\Project_Sample\driving-training-centers-project-v1\repo-backend\dtcproject\dtc.Application\dtc.Application.csproj]
D:\Project_Sample\driving-training-centers-project-v1\repo-backend\dtcproject\dtc.Application\Features\Permissions\Interfaces\IDocumentService.cs(4,7): warning CS0105: The using directive for 'dtc.Application.Features.Permissions.DTOs' appeared previously in this namespace [D:\Project_Sample\driving-training-centers-project-v1\repo-backend\dtcproject\dtc.Application\dtc.Application.csproj]
D:\Project_Sample\driving-training-centers-project-v1\repo-backend\dtcproject\dtc.Application\Features\Permissions\Interfaces\IDocumentService.cs(5,7): warning CS0105: The using directive for 'dtc.Application.Features.Permissions.Interfaces' appeared previously in this namespace [D:\Project_Sample\driving-training-centers-project-v1\repo-backend\dtcproject\dtc.Application\dtc.Application.csproj]
D:\Project_Sample\driving-training-centers-project-v1\repo-backend\dtcproject\dtc.Application\Features\Permissions\Interfaces\IDocumentService.cs(6,7): warning CS0105: The using directive for 'dtc.Application.Features.Permissions.DTOs' appeared previously in this namespace [D:\Project_Sample\driving-training-centers-project-v1\repo-backend\dtcproject\dtc.Application\dtc.Application.csproj]
D:\Project_Sample\driving-training-centers-project-v1\repo-backend\dtcproject\dtc.Application\Features\Permissions\Services\DocumentService.cs(3,7): warning CS0105: The using directive for 'dtc.Application.Features.Permissions.Interfaces' appeared previously in this namespace [D:\Project_Sample\driving-training-centers-project-v1\repo-backend\dtcproject\dtc.Application\dtc.Application.csproj]
D:\Project_Sample\driving-training-centers-project-v1\repo-backend\dtcproject\dtc.Application\Features\Permissions\Services\DocumentService.cs(4,7): warning CS0105: The using directive for 'dtc.Application.Features.Permissions.DTOs' appeared previously in this namespace [D:\Project_Sample\driving-training-centers-project-v1\repo-backend\dtcproject\dtc.Application\dtc.Application.csproj]
D:\Project_Sample\driving-training-centers-project-v1\repo-backend\dtcproject\dtc.Application\Features\Permissions\Services\DocumentService.cs(5,7): warning CS0105: The using directive for 'dtc.Application.Features.Permissions.Interfaces' appeared previously in this namespace [D:\Project_Sample\driving-training-centers-project-v1\repo-backend\dtcproject\dtc.Application\dtc.Application.csproj]
D:\Project_Sample\driving-training-centers-project-v1\repo-backend\dtcproject\dtc.Application\Features\Permissions\Services\DocumentService.cs(6,7): warning CS0105: The using directive for 'dtc.Application.Features.Permissions.DTOs' appeared previously in this namespace [D:\Project_Sample\driving-training-centers-project-v1\repo-backend\dtcproject\dtc.Application\dtc.Application.csproj]
D:\Project_Sample\driving-training-centers-project-v1\repo-backend\dtcproject\dtc.Application\Features\Permissions\Services\DocumentService.cs(7,7): warning CS0105: The using directive for 'dtc.Application.Features.Permissions.Interfaces' appeared previously in this namespace [D:\Project_Sample\driving-training-centers-project-v1\repo-backend\dtcproject\dtc.Application\dtc.Application.csproj]
D:\Project_Sample\driving-training-centers-project-v1\repo-backend\dtcproject\dtc.Application\Features\Permissions\Services\DocumentService.cs(8,7): warning CS0105: The using directive for 'dtc.Application.Features.Permissions.DTOs' appeared previously in this namespace [D:\Project_Sample\driving-training-centers-project-v1\repo-backend\dtcproject\dtc.Application\dtc.Application.csproj]
D:\Project_Sample\driving-training-centers-project-v1\repo-backend\dtcproject\dtc.Application\Features\Permissions\Services\DocumentService.cs(9,7): warning CS0105: The using directive for 'dtc.Application.Features.Permissions.Interfaces' appeared previously in this namespace [D:\Project_Sample\driving-training-centers-project-v1\repo-backend\dtcproject\dtc.Application\dtc.Application.csproj]
D:\Project_Sample\driving-training-centers-project-v1\repo-backend\dtcproject\dtc.Application\Features\Permissions\Services\DocumentService.cs(10,7): warning CS0105: The using directive for 'dtc.Application.Features.Permissions.DTOs' appeared previously in this namespace [D:\Project_Sample\driving-training-centers-project-v1\repo-backend\dtcproject\dtc.Application\dtc.Application.csproj]
D:\Project_Sample\driving-training-centers-project-v1\repo-backend\dtcproject\dtc.Application\Features\Permissions\Services\DocumentService.cs(11,7): warning CS0105: The using directive for 'dtc.Application.Features.Permissions.Interfaces' appeared previously in this namespace [D:\Project_Sample\driving-training-centers-project-v1\repo-backend\dtcproject\dtc.Application\dtc.Application.csproj]
D:\Project_Sample\driving-training-centers-project-v1\repo-backend\dtcproject\dtc.Application\Features\Permissions\Services\DocumentService.cs(12,7): warning CS0105: The using directive for 'dtc.Application.Features.Permissions.DTOs' appeared previously in this namespace [D:\Project_Sample\driving-training-centers-project-v1\repo-backend\dtcproject\dtc.Application\dtc.Application.csproj]
D:\Project_Sample\driving-training-centers-project-v1\repo-backend\dtcproject\dtc.Application\Features\Training\Services\AttendanceService.cs(3,7): warning CS0105: The using directive for 'dtc.Application.Features.Training.Interfaces' appeared previously in this namespace [D:\Project_Sample\driving-training-centers-project-v1\repo-backend\dtcproject\dtc.Application\dtc.Application.csproj]
D:\Project_Sample\driving-training-centers-project-v1\repo-backend\dtcproject\dtc.Application\Features\Training\Services\AttendanceService.cs(4,7): warning CS0105: The using directive for 'dtc.Application.Features.Training.DTOs' appeared previously in this namespace [D:\Project_Sample\driving-training-centers-project-v1\repo-backend\dtcproject\dtc.Application\dtc.Application.csproj]
D:\Project_Sample\driving-training-centers-project-v1\repo-backend\dtcproject\dtc.Application\Features\Training\Services\ClassService.cs(3,7): warning CS0105: The using directive for 'dtc.Application.Features.Training.Interfaces' appeared previously in this namespace [D:\Project_Sample\driving-training-centers-project-v1\repo-backend\dtcproject\dtc.Application\dtc.Application.csproj]
D:\Project_Sample\driving-training-centers-project-v1\repo-backend\dtcproject\dtc.Application\Features\Training\Services\ClassService.cs(4,7): warning CS0105: The using directive for 'dtc.Application.Features.Training.DTOs' appeared previously in this namespace [D:\Project_Sample\driving-training-centers-project-v1\repo-backend\dtcproject\dtc.Application\dtc.Application.csproj]
D:\Project_Sample\driving-training-centers-project-v1\repo-backend\dtcproject\dtc.Application\Features\Training\Services\CourseRegistrationService.cs(3,7): warning CS0105: The using directive for 'dtc.Application.Features.Training.Interfaces' appeared previously in this namespace [D:\Project_Sample\driving-training-centers-project-v1\repo-backend\dtcproject\dtc.Application\dtc.Application.csproj]
D:\Project_Sample\driving-training-centers-project-v1\repo-backend\dtcproject\dtc.Application\Features\Training\Services\CourseRegistrationService.cs(4,7): warning CS0105: The using directive for 'dtc.Application.Features.Training.DTOs' appeared previously in this namespace [D:\Project_Sample\driving-training-centers-project-v1\repo-backend\dtcproject\dtc.Application\dtc.Application.csproj]
D:\Project_Sample\driving-training-centers-project-v1\repo-backend\dtcproject\dtc.Application\Features\Training\Services\CourseService.cs(3,7): warning CS0105: The using directive for 'dtc.Application.Features.Training.Interfaces' appeared previously in this namespace [D:\Project_Sample\driving-training-centers-project-v1\repo-backend\dtcproject\dtc.Application\dtc.Application.csproj]
D:\Project_Sample\driving-training-centers-project-v1\repo-backend\dtcproject\dtc.Application\Features\Training\Services\CourseService.cs(4,7): warning CS0105: The using directive for 'dtc.Application.Features.Training.DTOs' appeared previously in this namespace [D:\Project_Sample\driving-training-centers-project-v1\repo-backend\dtcproject\dtc.Application\dtc.Application.csproj]
D:\Project_Sample\driving-training-centers-project-v1\repo-backend\dtcproject\dtc.Application\Features\Training\Services\LearningRoadmapService.cs(3,7): warning CS0105: The using directive for 'dtc.Application.Features.Training.Interfaces' appeared previously in this namespace [D:\Project_Sample\driving-training-centers-project-v1\repo-backend\dtcproject\dtc.Application\dtc.Application.csproj]
D:\Project_Sample\driving-training-centers-project-v1\repo-backend\dtcproject\dtc.Application\Features\Training\Services\LearningRoadmapService.cs(4,7): warning CS0105: The using directive for 'dtc.Application.Features.Training.DTOs' appeared previously in this namespace [D:\Project_Sample\driving-training-centers-project-v1\repo-backend\dtcproject\dtc.Application\dtc.Application.csproj]
D:\Project_Sample\driving-training-centers-project-v1\repo-backend\dtcproject\dtc.Application\Features\Training\Services\ResourceLearningService.cs(3,7): warning CS0105: The using directive for 'dtc.Application.Features.Training.Interfaces' appeared previously in this namespace [D:\Project_Sample\driving-training-centers-project-v1\repo-backend\dtcproject\dtc.Application\dtc.Application.csproj]
D:\Project_Sample\driving-training-centers-project-v1\repo-backend\dtcproject\dtc.Application\Features\Training\Services\ResourceLearningService.cs(4,7): warning CS0105: The using directive for 'dtc.Application.Features.Training.DTOs' appeared previously in this namespace [D:\Project_Sample\driving-training-centers-project-v1\repo-backend\dtcproject\dtc.Application\dtc.Application.csproj]
D:\Project_Sample\driving-training-centers-project-v1\repo-backend\dtcproject\dtc.Application\Features\Training\Services\ScheduleService.cs(3,7): warning CS0105: The using directive for 'dtc.Application.Features.Training.Interfaces' appeared previously in this namespace [D:\Project_Sample\driving-training-centers-project-v1\repo-backend\dtcproject\dtc.Application\dtc.Application.csproj]
D:\Project_Sample\driving-training-centers-project-v1\repo-backend\dtcproject\dtc.Application\Features\Training\Services\ScheduleService.cs(4,7): warning CS0105: The using directive for 'dtc.Application.Features.Training.DTOs' appeared previously in this namespace [D:\Project_Sample\driving-training-centers-project-v1\repo-backend\dtcproject\dtc.Application\dtc.Application.csproj]
D:\Project_Sample\driving-training-centers-project-v1\repo-backend\dtcproject\dtc.Application\Features\Training\Services\StudentEvaluationService.cs(3,7): warning CS0105: The using directive for 'dtc.Application.Features.Training.Interfaces' appeared previously in this namespace [D:\Project_Sample\driving-training-centers-project-v1\repo-backend\dtcproject\dtc.Application\dtc.Application.csproj]
D:\Project_Sample\driving-training-centers-project-v1\repo-backend\dtcproject\dtc.Application\Features\Training\Services\StudentEvaluationService.cs(4,7): warning CS0105: The using directive for 'dtc.Application.Features.Training.DTOs' appeared previously in this namespace [D:\Project_Sample\driving-training-centers-project-v1\repo-backend\dtcproject\dtc.Application\dtc.Application.csproj]
D:\Project_Sample\driving-training-centers-project-v1\repo-backend\dtcproject\dtc.Application\Features\Training\Services\TermService.cs(3,7): warning CS0105: The using directive for 'dtc.Application.Features.Training.Interfaces' appeared previously in this namespace [D:\Project_Sample\driving-training-centers-project-v1\repo-backend\dtcproject\dtc.Application\dtc.Application.csproj]
D:\Project_Sample\driving-training-centers-project-v1\repo-backend\dtcproject\dtc.Application\Features\Training\Services\TermService.cs(4,7): warning CS0105: The using directive for 'dtc.Application.Features.Training.DTOs' appeared previously in this namespace [D:\Project_Sample\driving-training-centers-project-v1\repo-backend\dtcproject\dtc.Application\dtc.Application.csproj]
D:\Project_Sample\driving-training-centers-project-v1\repo-backend\dtcproject\dtc.Application\Features\Users\Services\UserService.cs(3,7): warning CS0105: The using directive for 'dtc.Application.Features.Users.Interfaces' appeared previously in this namespace [D:\Project_Sample\driving-training-centers-project-v1\repo-backend\dtcproject\dtc.Application\dtc.Application.csproj]
D:\Project_Sample\driving-training-centers-project-v1\repo-backend\dtcproject\dtc.Application\Features\Users\Services\UserService.cs(4,7): warning CS0105: The using directive for 'dtc.Application.Features.Users.DTOs' appeared previously in this namespace [D:\Project_Sample\driving-training-centers-project-v1\repo-backend\dtcproject\dtc.Application\dtc.Application.csproj]
D:\Project_Sample\driving-training-centers-project-v1\repo-backend\dtcproject\dtc.Application\Features\Collaborators\Services\CollaboratorService.cs(42,53): warning CS8613: Nullability of reference types in return type of 'Task<ReferralCodeResponseDto?> CollaboratorService.GetMyReferralCodeAsync(Guid collaboratorId)' doesn't match implicitly implemented member 'Task<ReferralCodeResponseDto> ICollaboratorService.GetMyReferralCodeAsync(Guid collaboratorId)'. [D:\Project_Sample\driving-training-centers-project-v1\repo-backend\dtcproject\dtc.Application\dtc.Application.csproj]
D:\Project_Sample\driving-training-centers-project-v1\repo-backend\dtcproject\dtc.Application\Features\Collaborators\Services\CollaboratorService.cs(62,53): warning CS8613: Nullability of reference types in return type of 'Task<ReferralCodeResponseDto?> CollaboratorService.GenerateReferralCodeAsync(Guid collaboratorId, string code)' doesn't match implicitly implemented member 'Task<ReferralCodeResponseDto> ICollaboratorService.GenerateReferralCodeAsync(Guid collaboratorId, string code)'. [D:\Project_Sample\driving-training-centers-project-v1\repo-backend\dtcproject\dtc.Application\dtc.Application.csproj]
D:\Project_Sample\driving-training-centers-project-v1\repo-backend\dtcproject\dtc.Application\Features\Exams\Services\ExamBatchService.cs(102,50): warning CS1998: This async method lacks 'await' operators and will run synchronously. Consider using the 'await' operator to await non-blocking API calls, or 'await Task.Run(...)' to do CPU-bound work on a background thread. [D:\Project_Sample\driving-training-centers-project-v1\repo-backend\dtcproject\dtc.Application\dtc.Application.csproj]
D:\Project_Sample\driving-training-centers-project-v1\repo-backend\dtcproject\dtc.Application\Features\Exams\Services\SampleExamService.cs(65,51): error CS1061: 'int' does not contain a definition for 'QuestionId' and no accessible extension method 'QuestionId' accepting a first argument of type 'int' could be found (are you missing a using directive or an assembly reference?) [D:\Project_Sample\driving-training-centers-project-v1\repo-backend\dtcproject\dtc.Application\dtc.Application.csproj]
D:\Project_Sample\driving-training-centers-project-v1\repo-backend\dtcproject\dtc.Application\Features\Exams\Services\SampleExamService.cs(67,52): error CS1061: 'int' does not contain a definition for 'QuestionId' and no accessible extension method 'QuestionId' accepting a first argument of type 'int' could be found (are you missing a using directive or an assembly reference?) [D:\Project_Sample\driving-training-centers-project-v1\repo-backend\dtcproject\dtc.Application\dtc.Application.csproj]
D:\Project_Sample\driving-training-centers-project-v1\repo-backend\dtcproject\dtc.Application\Features\Exams\Services\SampleExamService.cs(74,46): error CS1061: 'int' does not contain a definition for 'QuestionId' and no accessible extension method 'QuestionId' accepting a first argument of type 'int' could be found (are you missing a using directive or an assembly reference?) [D:\Project_Sample\driving-training-centers-project-v1\repo-backend\dtcproject\dtc.Application\dtc.Application.csproj]
D:\Project_Sample\driving-training-centers-project-v1\repo-backend\dtcproject\dtc.Application\Features\Auth\Services\AuthService.cs(104,114): error CS1061: 'UserRole' does not contain a definition for 'RoleName' and no accessible extension method 'RoleName' accepting a first argument of type 'UserRole' could be found (are you missing a using directive or an assembly reference?) [D:\Project_Sample\driving-training-centers-project-v1\repo-backend\dtcproject\dtc.Application\dtc.Application.csproj]
D:\Project_Sample\driving-training-centers-project-v1\repo-backend\dtcproject\dtc.Application\Features\Auth\Services\AuthService.cs(104,69): error CS1503: Argument 1: cannot convert from 'string' to 'System.IO.BinaryReader' [D:\Project_Sample\driving-training-centers-project-v1\repo-backend\dtcproject\dtc.Application\dtc.Application.csproj]
D:\Project_Sample\driving-training-centers-project-v1\repo-backend\dtcproject\dtc.Application\Features\Exams\Services\SampleExamService.cs(123,72): error CS1061: 'int' does not contain a definition for 'QuestionOrder' and no accessible extension method 'QuestionOrder' accepting a first argument of type 'int' could be found (are you missing a using directive or an assembly reference?) [D:\Project_Sample\driving-training-centers-project-v1\repo-backend\dtcproject\dtc.Application\dtc.Application.csproj]
D:\Project_Sample\driving-training-centers-project-v1\repo-backend\dtcproject\dtc.Application\Features\Exams\Services\SampleExamService.cs(173,77): error CS1061: 'int' does not contain a definition for 'QuestionId' and no accessible extension method 'QuestionId' accepting a first argument of type 'int' could be found (are you missing a using directive or an assembly reference?) [D:\Project_Sample\driving-training-centers-project-v1\repo-backend\dtcproject\dtc.Application\dtc.Application.csproj]
D:\Project_Sample\driving-training-centers-project-v1\repo-backend\dtcproject\dtc.Application\Features\Training\Services\AttendanceService.cs(31,105): error CS1061: 'Class' does not contain a definition for 'Students' and no accessible extension method 'Students' accepting a first argument of type 'Class' could be found (are you missing a using directive or an assembly reference?) [D:\Project_Sample\driving-training-centers-project-v1\repo-backend\dtcproject\dtc.Application\dtc.Application.csproj]
D:\Project_Sample\driving-training-centers-project-v1\repo-backend\dtcproject\dtc.Application\Features\Dashboards\Services\DashboardService.cs(70,83): error CS1061: 'UserRole' does not contain a definition for 'RoleName' and no accessible extension method 'RoleName' accepting a first argument of type 'UserRole' could be found (are you missing a using directive or an assembly reference?) [D:\Project_Sample\driving-training-centers-project-v1\repo-backend\dtcproject\dtc.Application\dtc.Application.csproj]
D:\Project_Sample\driving-training-centers-project-v1\repo-backend\dtcproject\dtc.Application\Features\Training\Services\AttendanceService.cs(108,100): error CS1061: 'Class' does not contain a definition for 'Students' and no accessible extension method 'Students' accepting a first argument of type 'Class' could be found (are you missing a using directive or an assembly reference?) [D:\Project_Sample\driving-training-centers-project-v1\repo-backend\dtcproject\dtc.Application\dtc.Application.csproj]
    101 Warning(s)
    10 Error(s)

Time Elapsed 00:00:02.55

Workload updates are available. Run `dotnet workload list` for more information.
